******************************************************************************
                  TI ARM Linker PC v20.2.4                     
******************************************************************************
>> Linked Sun Jun 13 20:48:28 2021

OUTPUT FILE NAME:   <Tiva-C_GPS.out>
ENTRY POINT SYMBOL: "_c_int00_noargs"  address: 00002df1


MEMORY CONFIGURATION

         name            origin    length      used     unused   attr    fill
----------------------  --------  ---------  --------  --------  ----  --------
  FLASH                 00000000   00040000  00003028  0003cfd8  R  X
  SRAM                  20000000   00008000  00000204  00007dfc  RW X


SEGMENT ALLOCATION MAP

run origin  load origin   length   init length attrs members
----------  ----------- ---------- ----------- ----- -------
00000000    00000000    00003028   00003028    r-x
  00000000    00000000    0000026c   0000026c    r-- .intvecs
  0000026c    0000026c    00002c4c   00002c4c    r-x .text
  00002eb8    00002eb8    00000158   00000158    r-- .const
  00003010    00003010    00000018   00000018    r-- .cinit
20000000    20000000    00000204   00000000    rw-
  20000000    20000000    00000200   00000000    rw- .stack
  20000200    20000200    00000004   00000000    rw- .data


SECTION ALLOCATION MAP

 output                                  attributes/
section   page    origin      length       input sections
--------  ----  ----------  ----------   ----------------
.intvecs   0    00000000    0000026c     
                  00000000    0000026c     tm4c123gh6pm_startup_ccs.obj (.intvecs)

.text      0    0000026c    00002c4c     
                  0000026c    00000738     rtsv7M4_T_le_v4SPD16_eabi.lib : k_rem_pio2.c.obj (.text:__kernel_rem_pio2)
                  000009a4    000005dc                                   : s_cos.c.obj (.text:cos)
                  00000f80    000005c4                                   : s_sin.c.obj (.text:sin)
                  00001544    000003d4                                   : e_asin.c.obj (.text:asin)
                  00001918    0000030c     GPS_Read.obj (.text)
                  00001c24    0000021c     InputOutput.obj (.text)
                  00001e40    000001c8     Distance.obj (.text)
                  00002008    000001b6     rtsv7M4_T_le_v4SPD16_eabi.lib : fd_add_t2.asm.obj (.text)
                  000021be    00000002     --HOLE-- [fill = 0]
                  000021c0    00000174                                   : k_sin.c.obj (.text:__kernel_sin)
                  00002334    0000016c                                   : k_cos.c.obj (.text:__kernel_cos)
                  000024a0    00000158                                   : e_sqrt.c.obj (.text:sqrt)
                  000025f8    00000136                                   : fd_div_t2.asm.obj (.text)
                  0000272e    00000002     --HOLE-- [fill = 0]
                  00002730    00000110                                   : s_scalbn.c.obj (.text:scalbn)
                  00002840    000000fc                                   : fd_mul_t2.asm.obj (.text)
                  0000293c    000000f8                                   : s_floor.c.obj (.text:floor)
                  00002a34    0000009c                                   : memcpy_t2.asm.obj (.text)
                  00002ad0    00000098     main.obj (.text)
                  00002b68    00000088     Display.obj (.text)
                  00002bf0    00000086     rtsv7M4_T_le_v4SPD16_eabi.lib : fd_cmp_t2.asm.obj (.text:__aeabi_cdcmple)
                  00002c76    00000086                                   : fd_cmp_t2.asm.obj (.text:__aeabi_cdrcmple)
                  00002cfc    00000068                                   : copy_decompress_lzss.c.obj (.text:decompress:lzss:__TI_decompress_lzss)
                  00002d64    00000048                                   : fd_toi_t2.asm.obj (.text)
                  00002dac    00000044                                   : autoinit.c.obj (.text:__TI_auto_init_nobinit_nopinit:__TI_auto_init_nobinit_nopinit)
                  00002df0    00000034                                   : boot_cortex_m.c.obj (.text:_c_int00_noargs:_c_int00_noargs)
                  00002e24    0000002e                                   : i_tofd_t2.asm.obj (.text)
                  00002e52    00000002     --HOLE-- [fill = 0]
                  00002e54    00000020     LED.obj (.text)
                  00002e74    0000001a     rtsv7M4_T_le_v4SPD16_eabi.lib : s_copysign.c.obj (.text:copysign)
                  00002e8e    0000000e                                   : copy_decompress_none.c.obj (.text:decompress:none:__TI_decompress_none)
                  00002e9c    0000000c     tm4c123gh6pm_startup_ccs.obj (.text)
                  00002ea8    00000008     rtsv7M4_T_le_v4SPD16_eabi.lib : errno.c.obj (.text:__aeabi_errno_addr)
                  00002eb0    00000004                                   : pre_init.c.obj (.text:_system_pre_init)
                  00002eb4    00000004                                   : exit.c.obj (.text:abort:abort)

.const     0    00002eb8    00000158     
                  00002eb8    00000158     rtsv7M4_T_le_v4SPD16_eabi.lib : k_rem_pio2.c.obj (.const:$O1$$)

.cinit     0    00003010    00000018     
                  00003010    00000008     (__TI_handler_table)
                  00003018    00000007     (.cinit..data.load) [load image, compression = lzss]
                  0000301f    00000001     --HOLE-- [fill = 0]
                  00003020    00000008     (__TI_cinit_table)

.init_array 
*          0    00000000    00000000     UNINITIALIZED

.data      0    20000200    00000004     UNINITIALIZED
                  20000200    00000004     rtsv7M4_T_le_v4SPD16_eabi.lib : errno.c.obj (.data)

.stack     0    20000000    00000200     UNINITIALIZED
                  20000000    00000004     rtsv7M4_T_le_v4SPD16_eabi.lib : boot_cortex_m.c.obj (.stack)
                  20000004    000001fc     --HOLE--

__llvm_prf_cnts 
*          0    20000000    00000000     UNINITIALIZED

MODULE SUMMARY

       Module                         code    ro data   rw data
       ------                         ----    -------   -------
    .\
       GPS_Read.obj                   780     0         0      
       tm4c123gh6pm_startup_ccs.obj   12      620       0      
       InputOutput.obj                540     0         0      
       Distance.obj                   456     0         0      
       main.obj                       152     0         0      
       Display.obj                    136     0         0      
       LED.obj                        32      0         0      
    +--+------------------------------+-------+---------+---------+
       Total:                         2108    620       0      
                                                               
    C:\ti\ccs1031\ccs\tools\compiler\ti-cgt-arm_20.2.4.LTS\lib\rtsv7M4_T_le_v4SPD16_eabi.lib
       k_rem_pio2.c.obj               1848    344       0      
       s_cos.c.obj                    1500    0         0      
       s_sin.c.obj                    1476    0         0      
       e_asin.c.obj                   980     0         0      
       fd_add_t2.asm.obj              438     0         0      
       k_sin.c.obj                    372     0         0      
       k_cos.c.obj                    364     0         0      
       e_sqrt.c.obj                   344     0         0      
       fd_div_t2.asm.obj              310     0         0      
       s_scalbn.c.obj                 272     0         0      
       fd_cmp_t2.asm.obj              268     0         0      
       fd_mul_t2.asm.obj              252     0         0      
       s_floor.c.obj                  248     0         0      
       memcpy_t2.asm.obj              156     0         0      
       copy_decompress_lzss.c.obj     104     0         0      
       fd_toi_t2.asm.obj              72      0         0      
       autoinit.c.obj                 68      0         0      
       boot_cortex_m.c.obj            52      0         0      
       i_tofd_t2.asm.obj              46      0         0      
       s_copysign.c.obj               26      0         0      
       copy_decompress_none.c.obj     14      0         0      
       errno.c.obj                    8       0         4      
       exit.c.obj                     4       0         0      
       pre_init.c.obj                 4       0         0      
    +--+------------------------------+-------+---------+---------+
       Total:                         9226    344       4      
                                                               
       Stack:                         0       0         512    
       Linker Generated:              0       23        0      
    +--+------------------------------+-------+---------+---------+
       Grand Total:                   11334   987       516    


LINKER GENERATED COPY TABLES

__TI_cinit_table @ 00003020 records: 1, size/record: 8, table size: 8
	.data: load addr=00003018, load size=00000007 bytes, run addr=20000200, run size=00000004 bytes, compression=lzss


LINKER GENERATED HANDLER TABLE

__TI_handler_table @ 00003010 records: 2, size/record: 4, table size: 8
	index: 0, handler: __TI_decompress_lzss
	index: 1, handler: __TI_decompress_none


GLOBAL SYMBOLS: SORTED ALPHABETICALLY BY Name 

address   name                          
-------   ----                          
00002eb5  C$$EXIT                       
00002e55  LEDControl                    
00001941  ReadGPS                       
00001919  ReadUART                      
00002e9d  ResetISR                      
00002ad1  SystemInit                    
20000200  __STACK_END                   
00000200  __STACK_SIZE                  
20000200  __STACK_TOP                   
00003020  __TI_CINIT_Base               
00003028  __TI_CINIT_Limit              
00003010  __TI_Handler_Table_Base       
00003018  __TI_Handler_Table_Limit      
00002dad  __TI_auto_init_nobinit_nopinit
00002cfd  __TI_decompress_lzss          
00002e8f  __TI_decompress_none          
ffffffff  __TI_pprof_out_hndl           
ffffffff  __TI_prof_data_size           
ffffffff  __TI_prof_data_start          
00000000  __TI_static_base__            
00002bf1  __aeabi_cdcmpeq               
00002bf1  __aeabi_cdcmple               
00002c77  __aeabi_cdrcmple              
00002d65  __aeabi_d2iz                  
00002013  __aeabi_dadd                  
000025f9  __aeabi_ddiv                  
00002841  __aeabi_dmul                  
00002009  __aeabi_dsub                  
00002ea9  __aeabi_errno_addr            
00002e25  __aeabi_i2d                   
00002a35  __aeabi_memcpy                
00002a35  __aeabi_memcpy4               
00002a35  __aeabi_memcpy8               
ffffffff  __binit__                     
ffffffff  __c_args__                    
00002335  __kernel_cos                  
0000026d  __kernel_rem_pio2             
000021c1  __kernel_sin                  
UNDEFED   __mpu_init                    
20000000  __stack                       
20000000  __start___llvm_prf_cnts       
20000000  __stop___llvm_prf_cnts        
00002df1  _c_int00_noargs               
UNDEFED   _system_post_cinit            
00002eb1  _system_pre_init              
00002eb5  abort                         
00001545  asin                          
00001545  asinl                         
ffffffff  binit                         
00002e75  copysign                      
00002e75  copysignl                     
000009a5  cos                           
000009a5  cosl                          
00001e41  distance                      
20000200  errno                         
0000293d  floor                         
0000293d  floorl                        
00000000  g_pfnVectors                  
00001c25  init                          
00002731  ldexp                         
00002731  ldexpl                        
00002ad3  main                          
00002a35  memcpy                        
00002731  scalbn                        
00002731  scalbnl                       
00002b69  sevseg                        
00000f81  sin                           
00000f81  sinl                          
000024a1  sqrt                          
000024a1  sqrtl                         


GLOBAL SYMBOLS: SORTED BY Symbol Address 

address   name                          
-------   ----                          
00000000  __TI_static_base__            
00000000  g_pfnVectors                  
00000200  __STACK_SIZE                  
0000026d  __kernel_rem_pio2             
000009a5  cos                           
000009a5  cosl                          
00000f81  sin                           
00000f81  sinl                          
00001545  asin                          
00001545  asinl                         
00001919  ReadUART                      
00001941  ReadGPS                       
00001c25  init                          
00001e41  distance                      
00002009  __aeabi_dsub                  
00002013  __aeabi_dadd                  
000021c1  __kernel_sin                  
00002335  __kernel_cos                  
000024a1  sqrt                          
000024a1  sqrtl                         
000025f9  __aeabi_ddiv                  
00002731  ldexp                         
00002731  ldexpl                        
00002731  scalbn                        
00002731  scalbnl                       
00002841  __aeabi_dmul                  
0000293d  floor                         
0000293d  floorl                        
00002a35  __aeabi_memcpy                
00002a35  __aeabi_memcpy4               
00002a35  __aeabi_memcpy8               
00002a35  memcpy                        
00002ad1  SystemInit                    
00002ad3  main                          
00002b69  sevseg                        
00002bf1  __aeabi_cdcmpeq               
00002bf1  __aeabi_cdcmple               
00002c77  __aeabi_cdrcmple              
00002cfd  __TI_decompress_lzss          
00002d65  __aeabi_d2iz                  
00002dad  __TI_auto_init_nobinit_nopinit
00002df1  _c_int00_noargs               
00002e25  __aeabi_i2d                   
00002e55  LEDControl                    
00002e75  copysign                      
00002e75  copysignl                     
00002e8f  __TI_decompress_none          
00002e9d  ResetISR                      
00002ea9  __aeabi_errno_addr            
00002eb1  _system_pre_init              
00002eb5  C$$EXIT                       
00002eb5  abort                         
00003010  __TI_Handler_Table_Base       
00003018  __TI_Handler_Table_Limit      
00003020  __TI_CINIT_Base               
00003028  __TI_CINIT_Limit              
20000000  __stack                       
20000000  __start___llvm_prf_cnts       
20000000  __stop___llvm_prf_cnts        
20000200  __STACK_END                   
20000200  __STACK_TOP                   
20000200  errno                         
ffffffff  __TI_pprof_out_hndl           
ffffffff  __TI_prof_data_size           
ffffffff  __TI_prof_data_start          
ffffffff  __binit__                     
ffffffff  __c_args__                    
ffffffff  binit                         
UNDEFED   __mpu_init                    
UNDEFED   _system_post_cinit            

[70 symbols]
