<html>
<body>
<pre>
<h1>µVision Build Log</h1>
<h2>Project:</h2>
C:\Users\ahmed\Desktop\Introduction to Embedded Systems\Project\Source Code\Tiva-C_GPS\Tiva-C_GPS.uvproj
Project File Date:  06/05/2021

<h2>Output:</h2>
Rebuild target 'Target 1'
assembling startup_TM4C123.s...
compiling main.c...
compiling LED_On.c...
compiling InputOutput.c...
compiling Distance.c...
compiling Display.c...
linking...
Program Size: Code=992 RO-data=636 RW-data=0 ZI-data=512  
".\Tiva-C_GPS.axf" - 0 Error(s), 0 Warning(s).
Load "C:\\Users\\ahmed\\Desktop\\Introduction to Embedded Systems\\Project\\Source Code\\Tiva-C_GPS\\Tiva-C_GPS.axf" 
Internal DLL Error
Error: Flash Download failed  -  Target DLL has been cancelled
n1, double lon2);
main.c: 4 warnings, 0 errors
compiling LED_On.c...
compiling InputOutput.c...
compiling Distance.c...
compiling Display.c...
linking...
.\Tiva-C_GPS.axf: Error: L6218E: Undefined symbol SystemInit (referred from startup_tm4c123.o).
Not enough information to list image symbols.
Finished: 1 information, 0 warning and 1 error messages.
".\Tiva-C_GPS.axf" - 1 Error(s), 4 Warning(s).
Target not created
-C_GPS.axf: Error: L6200E: Symbol init multiply defined (by inputoutput.o and main.o).
.\Tiva-C_GPS.axf: Error: L6200E: Symbol LED_control multiply defined (by led_on.o and main.o).
.\Tiva-C_GPS.axf: Error: L6200E: Symbol numbreak multiply defined (by display.o and main.o).
.\Tiva-C_GPS.axf: Error: L6200E: Symbol sevseg multiply defined (by display.o and main.o).
Not enough information to list image symbols.
Not enough information to list the image map.
Finished: 2 information, 0 warning and 5 error messages.
".\Tiva-C_GPS.axf" - 5 Error(s), 4 Warning(s).
Target not created
